// Jest Snapshot v1, https://goo.gl/fbAQLP

exports[`SymptonBanner.vue should display the correct header tex 1`] = `
"<div class=\\"symptom_banner\\"><h2>How are you feeling right now?</h2> <a href=\\"SymptomChecker Test URL\\" id=\\"btn_home_symptoms\\" class=\\"button white\\">
        Symptom checker
    </a></div>"
`;
